// Jest Snapshot v1, https://goo.gl/fbAQLP

exports[`snapshot Should match snapshot 1`] = `
{
  "Parameters": {
    "BootstrapVersion": {
      "Default": "/cdk-bootstrap/hnb659fds/version",
      "Description": "Version of the CDK Bootstrap resources in this environment, automatically retrieved from SSM Parameter Store. [cdk:skip]",
      "Type": "AWS::SSM::Parameter::Value<String>",
    },
  },
  "Resources": {
    "metaflowopenlineagesnapshottestolreadreplicaParameterGroup4B379A74": {
      "Properties": {
        "Description": "Parameter group for postgres14",
        "Family": "postgres14",
        "Parameters": {
          "rds.logical_replication": "1",
          "wal_sender_timeout": "0",
        },
      },
      "Type": "AWS::RDS::DBParameterGroup",
    },
    "metaflowopenlineagesnapshottestolreadreplicaolreadreplicareadreplicainstanceB62C1055": {
      "DeletionPolicy": "Snapshot",
      "Metadata": {
        "cdk_nag": {
          "rules_to_suppress": [
            {
              "id": "AwsSolutions-RDS11",
              "reason": "Replica uses default port",
            },
            {
              "id": "AwsSolutions-RDS10",
              "reason": "Replica doesn't have deletion protection turned on",
            },
            {
              "id": "AwsSolutions-RDS3",
              "reason": "Replica is single AZ",
            },
            {
              "id": "AwsSolutions-RDS2",
              "reason": "Replica not encrypted",
            },
          ],
        },
      },
      "Properties": {
        "CopyTagsToSnapshot": true,
        "DBInstanceClass": "db.t3.small",
        "DBParameterGroupName": {
          "Ref": "metaflowopenlineagesnapshottestolreadreplicaParameterGroup4B379A74",
        },
        "DBSubnetGroupName": {
          "Ref": "metaflowopenlineagesnapshottestolreadreplicaolreadreplicareadreplicainstanceSubnetGroup914CCFBD",
        },
        "MultiAZ": false,
        "PubliclyAccessible": false,
        "SourceDBInstanceIdentifier": {
          "Fn::Join": [
            "",
            [
              "arn:",
              {
                "Ref": "AWS::Partition",
              },
              ":rds:us-east-1:123456789012:db:test-mf",
            ],
          ],
        },
        "StorageType": "gp2",
        "VPCSecurityGroups": [
          {
            "Fn::GetAtt": [
              "metaflowopenlineagesnapshottestolreadreplicareadreplicasg261613AF",
              "GroupId",
            ],
          },
        ],
      },
      "Type": "AWS::RDS::DBInstance",
      "UpdateReplacePolicy": "Snapshot",
    },
    "metaflowopenlineagesnapshottestolreadreplicaolreadreplicareadreplicainstanceSubnetGroup914CCFBD": {
      "Properties": {
        "DBSubnetGroupDescription": "Subnet group for ol-read-replica-read-replica-instance database",
        "SubnetIds": [
          "p-12345",
          "p-67890",
        ],
      },
      "Type": "AWS::RDS::DBSubnetGroup",
    },
    "metaflowopenlineagesnapshottestolreadreplicareadreplicasg261613AF": {
      "Properties": {
        "GroupDescription": "Default/metaflow-openlineage-snapshot-test/SG",
        "SecurityGroupIngress": [
          {
            "CidrIp": "1.2.3.4/5",
            "Description": "Allow TCP port for PostgreSQL from private subnets",
            "FromPort": 5432,
            "IpProtocol": "tcp",
            "ToPort": 5432,
          },
        ],
        "VpcId": "vpc-12345",
      },
      "Type": "AWS::EC2::SecurityGroup",
    },
    "metaflowopenlineagesnapshottestolreadreplicareadreplicasgfrommetaflowopenlineagesnapshottestolreadreplicareadreplicasg8EAD0F324436B51A921": {
      "Properties": {
        "Description": "Traffic within this SecurityGroup",
        "FromPort": 443,
        "GroupId": {
          "Fn::GetAtt": [
            "metaflowopenlineagesnapshottestolreadreplicareadreplicasg261613AF",
            "GroupId",
          ],
        },
        "IpProtocol": "tcp",
        "SourceSecurityGroupId": {
          "Fn::GetAtt": [
            "metaflowopenlineagesnapshottestolreadreplicareadreplicasg261613AF",
            "GroupId",
          ],
        },
        "ToPort": 443,
      },
      "Type": "AWS::EC2::SecurityGroupIngress",
    },
    "metaflowopenlineagesnapshottestolreadreplicareadreplicasgfrommetaflowopenlineagesnapshottestolreadreplicareadreplicasg8EAD0F32IndirectPortEE83E58E": {
      "Properties": {
        "Description": "from metaflowopenlineagesnapshottestolreadreplicareadreplicasg8EAD0F32:{IndirectPort}",
        "FromPort": {
          "Fn::GetAtt": [
            "metaflowopenlineagesnapshottestolreadreplicaolreadreplicareadreplicainstanceB62C1055",
            "Endpoint.Port",
          ],
        },
        "GroupId": {
          "Fn::GetAtt": [
            "metaflowopenlineagesnapshottestolreadreplicareadreplicasg261613AF",
            "GroupId",
          ],
        },
        "IpProtocol": "tcp",
        "SourceSecurityGroupId": {
          "Fn::GetAtt": [
            "metaflowopenlineagesnapshottestolreadreplicareadreplicasg261613AF",
            "GroupId",
          ],
        },
        "ToPort": {
          "Fn::GetAtt": [
            "metaflowopenlineagesnapshottestolreadreplicaolreadreplicareadreplicainstanceB62C1055",
            "Endpoint.Port",
          ],
        },
      },
      "Type": "AWS::EC2::SecurityGroupIngress",
    },
    "metaflowopenlineagesnapshottestolreadreplicareadreplicasgtometaflowopenlineagesnapshottestolreadreplicareadreplicasg8EAD0F3244320938B08": {
      "Properties": {
        "Description": "Traffic within this SecurityGroup",
        "DestinationSecurityGroupId": {
          "Fn::GetAtt": [
            "metaflowopenlineagesnapshottestolreadreplicareadreplicasg261613AF",
            "GroupId",
          ],
        },
        "FromPort": 443,
        "GroupId": {
          "Fn::GetAtt": [
            "metaflowopenlineagesnapshottestolreadreplicareadreplicasg261613AF",
            "GroupId",
          ],
        },
        "IpProtocol": "tcp",
        "ToPort": 443,
      },
      "Type": "AWS::EC2::SecurityGroupEgress",
    },
    "metaflowopenlineagesnapshottestolreadreplicareadreplicasgtometaflowopenlineagesnapshottestolreadreplicareadreplicasg8EAD0F32IndirectPort25479D30": {
      "Properties": {
        "Description": "to metaflowopenlineagesnapshottestolreadreplicareadreplicasg8EAD0F32:{IndirectPort}",
        "DestinationSecurityGroupId": {
          "Fn::GetAtt": [
            "metaflowopenlineagesnapshottestolreadreplicareadreplicasg261613AF",
            "GroupId",
          ],
        },
        "FromPort": {
          "Fn::GetAtt": [
            "metaflowopenlineagesnapshottestolreadreplicaolreadreplicareadreplicainstanceB62C1055",
            "Endpoint.Port",
          ],
        },
        "GroupId": {
          "Fn::GetAtt": [
            "metaflowopenlineagesnapshottestolreadreplicareadreplicasg261613AF",
            "GroupId",
          ],
        },
        "IpProtocol": "tcp",
        "ToPort": {
          "Fn::GetAtt": [
            "metaflowopenlineagesnapshottestolreadreplicaolreadreplicareadreplicainstanceB62C1055",
            "Endpoint.Port",
          ],
        },
      },
      "Type": "AWS::EC2::SecurityGroupEgress",
    },
  },
  "Rules": {
    "CheckBootstrapVersion": {
      "Assertions": [
        {
          "Assert": {
            "Fn::Not": [
              {
                "Fn::Contains": [
                  [
                    "1",
                    "2",
                    "3",
                    "4",
                    "5",
                  ],
                  {
                    "Ref": "BootstrapVersion",
                  },
                ],
              },
            ],
          },
          "AssertDescription": "CDK bootstrap stack version 6 required. Please run 'cdk bootstrap' with a recent version of the CDK CLI.",
        },
      ],
    },
  },
}
`;
